// Jest Snapshot v1, https://goo.gl/fbAQLP

exports[`Button should render correctly 1`] = `
<button
  className="btn btn-custom"
  name="MockName"
  onClick={[Function]}
>
  MockLabel
</button>
`;
