// Jest Snapshot v1, https://goo.gl/fbAQLP

exports[`Pagination should render correctly 1`] = `
<div
  className="pagination-container"
>
  <div
    className="pagination"
  >
    <Button
      click={[Function]}
      label="Prev"
      name="_page"
    />
    <Select
      change={[Function]}
      defaultOption=""
      list={
        Array [
          1,
          2,
          3,
          4,
          5,
          6,
          7,
          8,
          9,
          10,
          11,
          12,
          13,
          14,
          15,
          16,
          17,
          18,
          19,
          20,
          21,
          22,
          23,
          24,
          25,
          26,
          27,
          28,
          29,
          30,
          31,
        ]
      }
      name="_paginationDropdown"
      value="_page"
    />
    <Button
      click={[Function]}
      label="Next"
      name="_page"
    />
  </div>
</div>
`;
